
=== Thu Nov 27 18:30:58 2025

Packages were changed.
Update Mode: mergeDefaultDependencies

The following packages were 已添加:
  com.unity.modules.ai@1.0.0
  com.unity.modules.androidjni@1.0.0
  com.unity.modules.animation@1.0.0
  com.unity.modules.assetbundle@1.0.0
  com.unity.modules.audio@1.0.0
  com.unity.modules.cloth@1.0.0
  com.unity.modules.director@1.0.0
  com.unity.modules.imageconversion@1.0.0
  com.unity.modules.imgui@1.0.0
  com.unity.modules.jsonserialize@1.0.0
  com.unity.modules.particlesystem@1.0.0
  com.unity.modules.physics@1.0.0
  com.unity.modules.physics2d@1.0.0
  com.unity.modules.screencapture@1.0.0
  com.unity.modules.terrain@1.0.0
  com.unity.modules.terrainphysics@1.0.0
  com.unity.modules.tilemap@1.0.0
  com.unity.modules.ui@1.0.0
  com.unity.modules.uielements@1.0.0
  com.unity.modules.umbra@1.0.0
  com.unity.modules.unityanalytics@1.0.0
  com.unity.modules.unitywebrequest@1.0.0
  com.unity.modules.unitywebrequestassetbundle@1.0.0
  com.unity.modules.unitywebrequestaudio@1.0.0
  com.unity.modules.unitywebrequesttexture@1.0.0
  com.unity.modules.unitywebrequestwww@1.0.0
  com.unity.modules.vehicles@1.0.0
  com.unity.modules.video@1.0.0
  com.unity.modules.vr@1.0.0
  com.unity.modules.wind@1.0.0
  com.unity.modules.xr@1.0.0
  com.unity.modules.accessibility@1.0.0
  com.unity.multiplayer.center@1.0.0
The following packages were 已更新:
  com.unity.collab-proxy 从版本 2.6.0 到 2.10.0
  com.unity.2d.animation 从版本 10.1.4 到 12.0.2
  com.unity.2d.psdimporter 从版本 10.0.0 到 11.0.1
  com.unity.2d.spriteshape 从版本 10.0.7 到 12.0.1
  com.unity.2d.tilemap.extras 从版本 4.2.1 到 5.0.1
  com.unity.2d.aseprite 从版本 1.2.1 到 2.0.2
  com.unity.ide.rider 从版本 3.0.34 到 3.0.38
  com.unity.ide.visualstudio 从版本 2.0.22 到 2.0.25
  com.unity.inputsystem 从版本 1.12.0 到 1.14.2
  com.unity.render-pipelines.universal 从版本 17.0.3 到 17.2.0
  com.unity.test-framework 从版本 1.4.5 到 1.6.0
  com.unity.timeline 从版本 1.8.7 到 1.8.9
  com.unity.visualscripting 从版本 1.9.5 到 1.9.8

=== Thu Dec 18 10:31:45 2025

Packages were changed.
Update Mode: updateDependencies

The following packages were 已添加:
  com.unity.modules.adaptiveperformance@1.0.0
  com.unity.modules.vectorgraphics@1.0.0
The following packages were 已更新:
  com.unity.2d.animation 从版本 12.0.2 到 13.0.2
  com.unity.2d.aseprite 从版本 2.0.2 到 3.0.1
  com.unity.2d.psdimporter 从版本 11.0.1 到 12.0.1
  com.unity.2d.spriteshape 从版本 12.0.1 到 13.0.0
  com.unity.2d.tilemap.extras 从版本 5.0.1 到 6.0.1
  com.unity.collab-proxy 从版本 2.10.0 到 2.10.2
  com.unity.inputsystem 从版本 1.14.2 到 1.16.0
  com.unity.multiplayer.center 从版本 1.0.0 到 1.0.1
  com.unity.render-pipelines.universal 从版本 17.2.0 到 17.3.0
  com.unity.visualscripting 从版本 1.9.8 到 1.9.9
